#-----------------------------------------------------------
# Vivado v2021.2 (64-bit)
# SW Build 3367213 on Tue Oct 19 02:48:09 MDT 2021
# IP Build 3369179 on Thu Oct 21 08:25:16 MDT 2021
# Start of session at: Wed Dec 13 18:12:55 2023
# Process ID: 13896
# Current directory: D:/Project/Vivado2021-Project/LevelMatch
# Command line: vivado.exe -gui_launcher_event rodinguilauncherevent3356 D:\Project\Vivado2021-Project\LevelMatch\LevelMatch.xpr
# Log file: D:/Project/Vivado2021-Project/LevelMatch/vivado.log
# Journal file: D:/Project/Vivado2021-Project/LevelMatch\vivado.jou
# Running On: LAPTOP-0C06RSO7, OS: Windows, CPU Frequency: 2688 MHz, CPU Physical cores: 14, Host memory: 34071 MB
#-----------------------------------------------------------
start_gui
open_project D:/Project/Vivado2021-Project/LevelMatch/LevelMatch.xpr
update_compile_order -fileset sources_1
file mkdir D:/Project/Vivado2021-Project/LevelMatch/LevelMatch.srcs/sim_1/new
set_property SOURCE_SET sources_1 [get_filesets sim_1]
close [ open D:/Project/Vivado2021-Project/LevelMatch/LevelMatch.srcs/sim_1/new/LevelMatchUnit_tb.v w ]
add_files -fileset sim_1 D:/Project/Vivado2021-Project/LevelMatch/LevelMatch.srcs/sim_1/new/LevelMatchUnit_tb.v
update_compile_order -fileset sim_1
update_compile_order -fileset sim_1
update_compile_order -fileset sim_1
update_compile_order -fileset sim_1
launch_simulation
launch_simulation
launch_simulation
source LevelMatchUnit_tb.tcl
current_wave_config {Untitled 1}
add_wave {{/LevelMatchUnit_tb/u_LevelMatchUnit}} 
current_wave_config {Untitled 1}
add_wave {{/LevelMatchUnit_tb/u_LevelMatchUnit}} 
restart
run all
save_wave_config {D:/Project/Vivado2021-Project/LevelMatch/LevelMatchUnit_tb_behav.wcfg}
add_files -fileset sim_1 -norecurse D:/Project/Vivado2021-Project/LevelMatch/LevelMatchUnit_tb_behav.wcfg
set_property xsim.view D:/Project/Vivado2021-Project/LevelMatch/LevelMatchUnit_tb_behav.wcfg [get_filesets sim_1]
close_sim
