

================================================================
== Vitis HLS Report for 'Dependency_Update_BypassMode_SrcTgt_Pipeline_VITIS_LOOP_75_4'
================================================================
* Date:           Wed Jan  3 23:38:50 2024

* Version:        2021.2 (Build 3367213 on Tue Oct 19 02:48:09 MDT 2021)
* Project:        DynMap
* Solution:       solution1 (Vivado IP Flow Target)
* Product family: zynq
* Target device:  xc7z035-ffg676-2


================================================================
== Performance Estimates
================================================================
+ Timing: 
    * Summary: 
    +--------+----------+----------+------------+
    |  Clock |  Target  | Estimated| Uncertainty|
    +--------+----------+----------+------------+
    |ap_clk  |  10.00 ns|  5.383 ns|     2.70 ns|
    +--------+----------+----------+------------+

+ Latency: 
    * Summary: 
    +---------+---------+-----------+----------+-----+-----+---------+
    |  Latency (cycles) |  Latency (absolute)  |  Interval | Pipeline|
    |   min   |   max   |    min    |    max   | min | max |   Type  |
    +---------+---------+-----------+----------+-----+-----+---------+
    |        5|       44|  50.000 ns|  0.440 us|    5|   44|       no|
    +---------+---------+-----------+----------+-----+-----+---------+

    + Detail: 
        * Instance: 
        N/A

        * Loop: 
        +-------------------+---------+---------+----------+-----------+-----------+--------+----------+
        |                   |  Latency (cycles) | Iteration|  Initiation Interval  |  Trip  |          |
        |     Loop Name     |   min   |   max   |  Latency |  achieved |   target  |  Count | Pipelined|
        +-------------------+---------+---------+----------+-----------+-----------+--------+----------+
        |- VITIS_LOOP_75_4  |        3|       41|         2|          2|          1|  1 ~ 20|       yes|
        +-------------------+---------+---------+----------+-----------+-----------+--------+----------+

============================================================
+ Verbose Summary: Synthesis Manager
============================================================
InlineROM: 1
ExposeGlobal: 0
============================================================
+ Verbose Summary: CDFG Model
============================================================
IsTopModel: 0
ResetActiveHigh: 1
IsCombinational: 0
IsDatapathOnly: 0
HasWiredReturn: 1
HasMFsm: 2
HasVarLatency: 1
IsPipeline: 0
IsRtlPipelined: 0
IsInstanceOverlapped: 0
IsDontTouch: 0
HasImplIP: 0
IsGatedGlobalClock: 0

+ Individual pipeline summary: 
  * Pipeline-0: initiation interval (II) = 2, depth = 2


============================================================
+ Verbose Summary: Schedule
============================================================
* Number of FSM states : 5
* Pipeline : 1
  Pipeline-0 : II = 2, D = 2, States = { 2 3 }
* Dataflow Pipeline: 0

* FSM state transitions: 
1 --> 2 
2 --> 3 
3 --> 4 5 2 
4 --> 
5 --> 4 

* FSM state operations: 

State 1 <SV = 0> <Delay = 1.29>
ST_1 : Operation 6 [1/1] (0.00ns)   --->   "%i = alloca i32 1"   --->   Operation 6 'alloca' 'i' <Predicate = true> <Delay = 0.00>
ST_1 : Operation 7 [1/1] (0.00ns)   --->   "%add_ln76_read = read i11 @_ssdm_op_Read.ap_auto.i11, i11 %add_ln76"   --->   Operation 7 'read' 'add_ln76_read' <Predicate = true> <Delay = 0.00>
ST_1 : Operation 8 [1/1] (1.29ns)   --->   "%store_ln0 = store i5 0, i5 %i"   --->   Operation 8 'store' 'store_ln0' <Predicate = true> <Delay = 1.29>
ST_1 : Operation 9 [1/1] (0.00ns)   --->   "%br_ln0 = br void"   --->   Operation 9 'br' 'br_ln0' <Predicate = true> <Delay = 0.00>

State 2 <SV = 1> <Delay = 4.25>
ST_2 : Operation 10 [1/1] (0.00ns)   --->   "%i_22 = load i5 %i" [DynMap/DynMap_4HLS.cpp:75]   --->   Operation 10 'load' 'i_22' <Predicate = true> <Delay = 0.00>
ST_2 : Operation 11 [1/1] (0.00ns)   --->   "%specpipeline_ln0 = specpipeline void @_ssdm_op_SpecPipeline, i32 4294967295, i32 0, i32 1, i32 0, void @p_str"   --->   Operation 11 'specpipeline' 'specpipeline_ln0' <Predicate = true> <Delay = 0.00>
ST_2 : Operation 12 [1/1] (0.97ns)   --->   "%icmp_ln75 = icmp_ult  i5 %i_22, i5 20" [DynMap/DynMap_4HLS.cpp:75]   --->   Operation 12 'icmp' 'icmp_ln75' <Predicate = true> <Delay = 0.97> <CoreInst = "Cmp">   --->   Core 9 'Cmp' <Latency = 0> <II = 1> <Delay = 1.31> <FuncUnit> <Opcode : 'icmp'> <InPorts = 2> <OutPorts = 1>
ST_2 : Operation 13 [1/1] (0.00ns)   --->   "%empty = speclooptripcount i32 @_ssdm_op_SpecLoopTripCount, i64 1, i64 20, i64 10"   --->   Operation 13 'speclooptripcount' 'empty' <Predicate = true> <Delay = 0.00>
ST_2 : Operation 14 [1/1] (1.02ns)   --->   "%add_ln75 = add i5 %i_22, i5 1" [DynMap/DynMap_4HLS.cpp:75]   --->   Operation 14 'add' 'add_ln75' <Predicate = true> <Delay = 1.02> <CoreInst = "Adder">   --->   Core 1 'Adder' <Latency = 0> <II = 1> <Delay = 1.48> <FuncUnit> <Opcode : 'add' 'sub'> <InPorts = 2> <OutPorts = 1>
ST_2 : Operation 15 [1/1] (0.00ns)   --->   "%br_ln75 = br i1 %icmp_ln75, void %.loopexit21.loopexit.exitStub, void %.split35" [DynMap/DynMap_4HLS.cpp:75]   --->   Operation 15 'br' 'br_ln75' <Predicate = true> <Delay = 0.00>
ST_2 : Operation 16 [1/1] (0.00ns)   --->   "%zext_ln76 = zext i5 %i_22" [DynMap/DynMap_4HLS.cpp:76]   --->   Operation 16 'zext' 'zext_ln76' <Predicate = (icmp_ln75)> <Delay = 0.00>
ST_2 : Operation 17 [1/1] (1.48ns)   --->   "%add_ln76_1 = add i11 %add_ln76_read, i11 %zext_ln76" [DynMap/DynMap_4HLS.cpp:76]   --->   Operation 17 'add' 'add_ln76_1' <Predicate = (icmp_ln75)> <Delay = 1.48> <CoreInst = "Adder">   --->   Core 1 'Adder' <Latency = 0> <II = 1> <Delay = 1.48> <FuncUnit> <Opcode : 'add' 'sub'> <InPorts = 2> <OutPorts = 1>
ST_2 : Operation 18 [1/1] (0.00ns)   --->   "%zext_ln76_1 = zext i11 %add_ln76_1" [DynMap/DynMap_4HLS.cpp:76]   --->   Operation 18 'zext' 'zext_ln76_1' <Predicate = (icmp_ln75)> <Delay = 0.00>
ST_2 : Operation 19 [1/1] (0.00ns)   --->   "%dependency_successor_values_addr = getelementptr i8 %dependency_successor_values, i64 0, i64 %zext_ln76_1" [DynMap/DynMap_4HLS.cpp:76]   --->   Operation 19 'getelementptr' 'dependency_successor_values_addr' <Predicate = (icmp_ln75)> <Delay = 0.00>
ST_2 : Operation 20 [2/2] (2.77ns)   --->   "%dependency_successor_values_load = load i11 %dependency_successor_values_addr" [DynMap/DynMap_4HLS.cpp:76]   --->   Operation 20 'load' 'dependency_successor_values_load' <Predicate = (icmp_ln75)> <Delay = 2.77> <CoreInst = "RAM">   --->   Core 82 'RAM' <Latency = 1> <II = 1> <Delay = 2.77> <Storage> <Opcode : 'load' 'store'> <Ports = 2> <Width = 8> <Depth = 2000> <RAM>

State 3 <SV = 2> <Delay = 5.38>
ST_3 : Operation 21 [1/1] (0.00ns)   --->   "%specloopname_ln60 = specloopname void @_ssdm_op_SpecLoopName, void @empty_14" [DynMap/DynMap_4HLS.cpp:60]   --->   Operation 21 'specloopname' 'specloopname_ln60' <Predicate = (icmp_ln75)> <Delay = 0.00>
ST_3 : Operation 22 [1/2] (2.77ns)   --->   "%dependency_successor_values_load = load i11 %dependency_successor_values_addr" [DynMap/DynMap_4HLS.cpp:76]   --->   Operation 22 'load' 'dependency_successor_values_load' <Predicate = (icmp_ln75)> <Delay = 2.77> <CoreInst = "RAM">   --->   Core 82 'RAM' <Latency = 1> <II = 1> <Delay = 2.77> <Storage> <Opcode : 'load' 'store'> <Ports = 2> <Width = 8> <Depth = 2000> <RAM>
ST_3 : Operation 23 [1/1] (1.31ns)   --->   "%icmp_ln76 = icmp_eq  i8 %dependency_successor_values_load, i8 255" [DynMap/DynMap_4HLS.cpp:76]   --->   Operation 23 'icmp' 'icmp_ln76' <Predicate = (icmp_ln75)> <Delay = 1.31> <CoreInst = "Cmp">   --->   Core 9 'Cmp' <Latency = 0> <II = 1> <Delay = 1.31> <FuncUnit> <Opcode : 'icmp'> <InPorts = 2> <OutPorts = 1>
ST_3 : Operation 24 [1/1] (0.00ns)   --->   "%br_ln76 = br i1 %icmp_ln76, void, void %.exitStub" [DynMap/DynMap_4HLS.cpp:76]   --->   Operation 24 'br' 'br_ln76' <Predicate = (icmp_ln75)> <Delay = 0.00>
ST_3 : Operation 25 [1/1] (1.29ns)   --->   "%store_ln75 = store i5 %add_ln75, i5 %i" [DynMap/DynMap_4HLS.cpp:75]   --->   Operation 25 'store' 'store_ln75' <Predicate = (icmp_ln75 & !icmp_ln76)> <Delay = 1.29>
ST_3 : Operation 26 [1/1] (0.00ns)   --->   "%br_ln0 = br void"   --->   Operation 26 'br' 'br_ln0' <Predicate = (icmp_ln75 & !icmp_ln76)> <Delay = 0.00>

State 4 <SV = 3> <Delay = 1.29>
ST_4 : Operation 27 [1/1] (0.00ns)   --->   "%write_ln76 = write void @_ssdm_op_Write.ap_auto.i11P0A, i11 %add_ln76_1_out, i11 %add_ln76_1" [DynMap/DynMap_4HLS.cpp:76]   --->   Operation 27 'write' 'write_ln76' <Predicate = (icmp_ln75)> <Delay = 0.00>
ST_4 : Operation 28 [1/1] (1.29ns)   --->   "%br_ln0 = br void %UnifiedReturnBlock"   --->   Operation 28 'br' 'br_ln0' <Predicate = (icmp_ln75)> <Delay = 1.29>
ST_4 : Operation 29 [1/1] (0.00ns)   --->   "%UnifiedRetVal = phi i1 1, void %.loopexit21.loopexit.exitStub, i1 0, void %.exitStub"   --->   Operation 29 'phi' 'UnifiedRetVal' <Predicate = true> <Delay = 0.00>
ST_4 : Operation 30 [1/1] (0.00ns)   --->   "%ret_ln0 = ret i1 %UnifiedRetVal"   --->   Operation 30 'ret' 'ret_ln0' <Predicate = true> <Delay = 0.00>

State 5 <SV = 2> <Delay = 1.29>
ST_5 : Operation 31 [1/1] (1.29ns)   --->   "%br_ln0 = br void %UnifiedReturnBlock"   --->   Operation 31 'br' 'br_ln0' <Predicate = true> <Delay = 1.29>


============================================================
+ Verbose Summary: Timing violations
============================================================
Target clock period: 10ns, clock uncertainty: 2.7ns.

 <State 1>: 1.3ns
The critical path consists of the following:
	'alloca' operation ('i') [4]  (0 ns)
	'store' operation ('store_ln0') of constant 0 on local variable 'i' [6]  (1.3 ns)

 <State 2>: 4.25ns
The critical path consists of the following:
	'load' operation ('i', DynMap/DynMap_4HLS.cpp:75) on local variable 'i' [9]  (0 ns)
	'add' operation ('add_ln76_1', DynMap/DynMap_4HLS.cpp:76) [17]  (1.48 ns)
	'getelementptr' operation ('dependency_successor_values_addr', DynMap/DynMap_4HLS.cpp:76) [19]  (0 ns)
	'load' operation ('dependency_successor_values_load', DynMap/DynMap_4HLS.cpp:76) on array 'dependency_successor_values' [21]  (2.77 ns)

 <State 3>: 5.38ns
The critical path consists of the following:
	'load' operation ('dependency_successor_values_load', DynMap/DynMap_4HLS.cpp:76) on array 'dependency_successor_values' [21]  (2.77 ns)
	'icmp' operation ('icmp_ln76', DynMap/DynMap_4HLS.cpp:76) [22]  (1.31 ns)
	blocking operation 1.3 ns on control path)

 <State 4>: 1.3ns
The critical path consists of the following:
	multiplexor before 'phi' operation ('UnifiedRetVal') [33]  (1.3 ns)
	'phi' operation ('UnifiedRetVal') [33]  (0 ns)

 <State 5>: 1.3ns
The critical path consists of the following:
	multiplexor before 'phi' operation ('UnifiedRetVal') [33]  (1.3 ns)


============================================================
+ Verbose Summary: Binding
============================================================
N/A
* FSMD analyzer results:
  - Output states:
 - Input state : 
  - Chain level:
	State 1
	State 2
	State 3
	State 4
	State 5


============================================================
+ Verbose Summary: Datapath Resource usage 
============================================================
N/A
